// Vitest Snapshot v1

exports[`suite name > snapshot 1`] = `2`;
