// Vitest Snapshot v1

exports[`setup vitest > snapshot 1`] = `"test snapshot"`;
